#,,,,,,,,,,,,,,,,,,,,,,"generated_by='OpenQuake engine 3.14.0-gitd06e2e1265', start_date='2022-03-01T14:24:26', checksum=2255114216, kind='mean', investigation_time=50.0, imt='PGA'"
lon,lat,depth,poe-0.0010000,poe-0.0012743,poe-0.0016238,poe-0.0020691,poe-0.0026367,poe-0.0033598,poe-0.0042813,poe-0.0054556,poe-0.0069519,poe-0.0088587,poe-0.0112884,poe-0.0143845,poe-0.0183298,poe-0.0233572,poe-0.0297635,poe-0.0379269,poe-0.0483293,poe-0.0615848,poe-0.0784760,poe-0.1000000
1.10000,-1.90000,0.00000,9.870841E-01,9.824991E-01,9.714145E-01,9.444366E-01,8.815663E-01,7.551823E-01,5.590746E-01,3.400154E-01,1.657685E-01,6.370335E-02,1.826803E-02,3.478584E-03,3.655883E-04,0.000000E+00,0.000000E+00,0.000000E+00,0.000000E+00,0.000000E+00,0.000000E+00,0.000000E+00
1.10000,-1.10000,0.00000,9.896262E-01,9.888499E-01,9.869087E-01,9.823496E-01,9.717522E-01,9.470165E-01,8.913729E-01,7.808073E-01,6.046771E-01,3.945588E-01,2.108198E-01,9.092252E-02,3.111317E-02,8.062167E-03,1.258628E-03,6.963374E-05,0.000000E+00,0.000000E+00,0.000000E+00,0.000000E+00
