#,,,,"generated_by='OpenQuake engine 3.14.0-git8c038019c4', start_date='2022-04-04T08:51:46', checksum=559729041, risk_investigation_time=50.0, num_events=22, effective_time=1000.0, limit_states=''"
return_period,loss_type,rlz_id,loss_value,loss_ratio
50,structural,0,8.54511E+02,7.76828E-02
100,structural,0,1.27240E+03,1.15673E-01
150,structural,0,1.62603E+03,1.47820E-01
200,structural,0,1.86209E+03,1.69281E-01
