#,,"generated_by='OpenQuake engine 3.14.0-git8c038019c4', start_date='2022-04-04T08:51:45', checksum=559729041, investigation_time=50.0, risk_investigation_time=50.0"
loss_type,loss_value,loss_ratio
structural,7.86772E+02,7.15247E-02
