#,,,,"generated_by='OpenQuake engine 3.14.0-git8c038019c4', start_date='2022-04-04T08:51:46', checksum=559729041, investigation_time=50.0, risk_investigation_time=50.0"
asset_id,taxonomy,lon,lat,structural
a0,RM,81.29850,29.10980,5.25596E+03
a1,RC+,83.08230,27.90060,1.25261E+02
a2,W/1,85.74770,27.90150,1.55936E+03
a3,RM,85.74770,27.90150,1.57211E+03
