#,,,,,,,,"generated_by='OpenQuake engine 3.15.0-git2372a64554', start_date='2022-05-12T15:55:39', checksum=1823210554, kind='mean', investigation_time=50.0, imt='PGV'"
lon,lat,depth,poe-20.0000000,poe-30.0000000,poe-40.0000000,poe-60.0000000,poe-80.0000000,poe-100.0000000
135.67999,35.68000,0.00000,1.085802E-01,1.952141E-02,4.149198E-03,3.027296E-04,3.484770E-05,5.408692E-06
