#,,,,,,,,,,,,,,,,,"generated_by='OpenQuake engine 3.14.0-gitd06e2e1265', start_date='2022-03-01T14:24:40', checksum=3125534345, kind='mean', investigation_time=50.0"
lon,lat,0.1~PGA,0.1~SA(0.025),0.1~SA(0.05),0.1~SA(0.1),0.1~SA(0.2),0.1~SA(0.5),0.1~SA(1.0),0.1~SA(2.0),0.02~PGA,0.02~SA(0.025),0.02~SA(0.05),0.02~SA(0.1),0.02~SA(0.2),0.02~SA(0.5),0.02~SA(1.0),0.02~SA(2.0)
0.00000,0.00000,3.321819E-01,3.643872E-01,4.699091E-01,7.505475E-01,7.596235E-01,4.170021E-01,2.102846E-01,9.145824E-02,5.235589E-01,5.750321E-01,7.453600E-01,1.199469E+00,1.236478E+00,7.148236E-01,3.762955E-01,1.733232E-01
0.10000,0.00000,3.330383E-01,3.660959E-01,4.742535E-01,7.555856E-01,7.510299E-01,4.109192E-01,2.064979E-01,8.868914E-02,5.384441E-01,5.930009E-01,7.743843E-01,1.242911E+00,1.250422E+00,7.201991E-01,3.777564E-01,1.716677E-01
