#,,,,,,,,,,,,,,,,,,,,,,,,,,,,,,,,"generated_by='OpenQuake engine 3.15.0-gitc2a3fcd619', start_date='2022-05-16T11:34:06', checksum=3218127987, kind='mean', investigation_time=50.0, imt='SA(0.1)'"
lon,lat,depth,poe-0.0137000,poe-0.0165774,poe-0.0200592,poe-0.0242723,poe-0.0293702,poe-0.0355388,poe-0.0430031,poe-0.0520351,poe-0.0629640,poe-0.0761884,poe-0.0921904,poe-0.1115532,poe-0.1349828,poe-0.1633334,poe-0.1976385,poe-0.2391487,poe-0.2893774,poe-0.3501556,poe-0.4236991,poe-0.5126891,poe-0.6203697,poe-0.7506666,poe-0.9083299,poe-1.0991073,poe-1.3299539,poe-1.6092855,poe-1.9472853,poe-2.3562756,poe-2.8511666,poe-3.4500000
16.26570,39.30020,0.00000,8.709965E-03,5.813352E-03,3.856797E-03,2.540710E-03,1.658061E-03,1.068765E-03,6.781548E-04,4.220109E-04,2.565956E-04,1.518975E-04,8.727146E-05,4.852824E-05,2.605731E-05,1.349382E-05,6.734891E-06,3.249886E-06,1.522503E-06,6.989169E-07,3.153562E-07,1.410271E-07,6.225441E-08,2.729896E-08,1.144949E-08,4.570917E-09,1.623196E-09,4.792277E-10,1.182759E-10,9.825430E-12,0.000000E+00,0.000000E+00
