#,,,,,,,,,,,,,,,,,,,,,,,,,,,,,,,,"generated_by='OpenQuake engine 3.15.0-gitc2a3fcd619', start_date='2022-05-16T11:34:06', checksum=3218127987, kind='mean', investigation_time=50.0, imt='PGA'"
lon,lat,depth,poe-0.0137000,poe-0.0165774,poe-0.0200592,poe-0.0242723,poe-0.0293702,poe-0.0355388,poe-0.0430031,poe-0.0520351,poe-0.0629640,poe-0.0761884,poe-0.0921904,poe-0.1115532,poe-0.1349828,poe-0.1633334,poe-0.1976385,poe-0.2391487,poe-0.2893774,poe-0.3501556,poe-0.4236991,poe-0.5126891,poe-0.6203697,poe-0.7506666,poe-0.9083299,poe-1.0991073,poe-1.3299539,poe-1.6092855,poe-1.9472853,poe-2.3562756,poe-2.8511666,poe-3.4500000
16.26570,39.30020,0.00000,2.648890E-03,1.780789E-03,1.180671E-03,7.691438E-04,4.901983E-04,3.042353E-04,1.829963E-04,1.061855E-04,5.917179E-05,3.152935E-05,1.599219E-05,7.686768E-06,3.485730E-06,1.484752E-06,5.932836E-07,2.223899E-07,7.824960E-08,2.549337E-08,7.583047E-09,1.937134E-09,4.312199E-10,6.805658E-11,0.000000E+00,0.000000E+00,0.000000E+00,0.000000E+00,0.000000E+00,0.000000E+00,0.000000E+00,0.000000E+00
