#,,,,,,,,,,,,,,,,,,,,,,,,,,,,,,,,"generated_by='OpenQuake engine 3.15.0-gitc2a3fcd619', start_date='2022-05-16T11:34:06', checksum=3218127987, kind='mean', investigation_time=50.0, imt='SA(0.15)'"
lon,lat,depth,poe-0.0137000,poe-0.0165774,poe-0.0200592,poe-0.0242723,poe-0.0293702,poe-0.0355388,poe-0.0430031,poe-0.0520351,poe-0.0629640,poe-0.0761884,poe-0.0921904,poe-0.1115532,poe-0.1349828,poe-0.1633334,poe-0.1976385,poe-0.2391487,poe-0.2893774,poe-0.3501556,poe-0.4236991,poe-0.5126891,poe-0.6203697,poe-0.7506666,poe-0.9083299,poe-1.0991073,poe-1.3299539,poe-1.6092855,poe-1.9472853,poe-2.3562756,poe-2.8511666,poe-3.4500000
16.26570,39.30020,0.00000,1.273246E-02,8.644830E-03,5.837759E-03,3.919912E-03,2.613113E-03,1.725477E-03,1.125376E-03,7.225233E-04,4.549339E-04,2.798043E-04,1.674698E-04,9.720550E-05,5.454931E-05,2.952888E-05,1.539863E-05,7.732345E-06,3.751681E-06,1.768165E-06,8.172406E-07,3.725439E-07,1.689624E-07,7.585007E-08,3.364761E-08,1.431054E-08,5.746221E-09,2.076010E-09,6.193175E-10,1.586068E-10,1.775291E-11,0.000000E+00
