#,,,"generated_by='OpenQuake engine 3.14.0-git8c038019c4', start_date='2022-04-04T08:14:27', checksum=91486865, risk_investigation_time=5.0, num_events=119, effective_time=40.0, limit_states=''"
return_period,loss_type,loss_value,loss_ratio
1,structural,5.70689E+04,1.01126E-03
2,structural,1.17161E+05,2.07609E-03
5,structural,7.42895E+05,1.31641E-02
