#,,,,,,"generated_by='OpenQuake engine 3.14.0-git8c038019c4', start_date='2022-04-04T08:06:12', checksum=57342934, investigation_time=50.0, risk_investigation_time=50.0"
asset_id,policy,taxonomy,lon,lat,nonstructural,structural
a0,A,RM,81.29850,29.10980,4.57192E+01,1.06944E+03
a1,A,RC,83.08230,27.90060,3.42605E+02,2.03212E+03
a2,B,W,85.74770,27.90150,2.62501E+02,1.54598E+03
a3,B,RM,85.74770,27.90150,1.47279E+03,2.24951E+03
